******************************************************************************
                  TI ARM Linker Unix v18.12.3                  
******************************************************************************
>> Linked Thu Nov  7 09:42:09 2019

OUTPUT FILE NAME:   <ADC.out>
ENTRY POINT SYMBOL: "_c_int00"  address: 000068b4


MEMORY CONFIGURATION

         name            origin    length      used     unused   attr    fill
----------------------  --------  ---------  --------  --------  ----  --------
  VECTORS               00000000   00000020  00000020  00000000     X
  FLASH0                00000020   0017ffe0  000076ac  00178934  R  X
  FLASH1                00180000   00180000  00000000  00180000  R  X
  STACKS                08000000   00001500  00000000  00001500  RW  
  RAM                   08001500   0003eb00  00000030  0003ead0  RW  


SEGMENT ALLOCATION MAP

run origin  load origin   length   init length attrs members
----------  ----------- ---------- ----------- ----- -------
00000000    00000000    000076cc   000076cc    r-x
  00000000    00000000    00000020   00000020    r-x .intvecs
  00000020    00000020    000074e8   000074e8    r-x .text
  00007508    00007508    000001b0   000001b0    r-- .const
  000076b8    000076b8    00000014   00000014    r-- .cinit
08001500    08001500    00000030   00000000    rw-
  08001500    08001500    00000030   00000000    rw- .bss


SECTION ALLOCATION MAP

 output                                  attributes/
section   page    origin      length       input sections
--------  ----  ----------  ----------   ----------------
.intvecs   0    00000000    00000020     
                  00000000    00000020     sys_intvecs.obj (.intvecs)

.text      0    00000020    000074e8     
                  00000020    00002cdc     sys_selftest.obj (.text)
                  00002cfc    00000b6c     system.obj (.text)
                  00003868    00000af8     adc.obj (.text)
                  00004360    00000898     sys_vim.obj (.text)
                  00004bf8    000007b8     sci.obj (.text)
                  000053b0    00000664     errata_SSWF021_45.obj (.text)
                  00005a14    000005bc     esm.obj (.text)
                  00005fd0    00000598     pinmux.obj (.text)
                  00006568    0000034c     sys_core.obj (.text)
                  000068b4    000002ac     sys_startup.obj (.text:retain)
                  00006b60    00000290     sys_vim.obj (.text:retain)
                  00006df0    00000114     esm.obj (.text:retain)
                  00006f04    000000f0     sys_main.obj (.text)
                  00006ff4    000000e8     dabort.obj (.text)
                  000070dc    000000e0     rtsv7R4_T_le_v3D16_eabi.lib : s_floor.c.obj (.text:floor)
                  000071bc    000000e0     sys_pmu.obj (.text)
                  0000729c    0000009c     rtsv7R4_T_le_v3D16_eabi.lib : memcpy_t2.asm.obj (.text)
                  00007338    00000094     notification.obj (.text)
                  000073cc    0000007a     rtsv7R4_T_le_v3D16_eabi.lib : memset_t2.asm.obj (.text)
                  00007446    00000054                                 : ltoa.c.obj (.text:ltoa)
                  0000749a    00000002     --HOLE-- [fill = 0]
                  0000749c    00000044                                 : autoinit.c.obj (.text:__TI_auto_init_nobinit_nopinit:__TI_auto_init_nobinit_nopinit)
                  000074e0    0000001c                                 : copy_zero_init.c.obj (.text:decompress:ZI:__TI_zero_init_nomemset:__TI_zero_init_nomemset)
                  000074fc    00000004                                 : exit.c.obj (.text:abort:abort)
                  00007500    00000004     sys_phantom.obj (.text:retain)
                  00007504    00000004     sys_startup.obj (.text)

.const     0    00007508    000001b0     
                  00007508    00000180     sys_vim.obj (.const:s_vim_init)
                  00007688    00000018     adc.obj (.const:s_adcFiFoSize)
                  000076a0    00000018     adc.obj (.const:s_adcSelect)

.cinit     0    000076b8    00000014     
                  000076b8    00000008     (.cinit..bss.load) [load image, compression = zero_init]
                  000076c0    00000004     (__TI_handler_table)
                  000076c4    00000008     (__TI_cinit_table)

.bss       0    08001500    00000030     UNINITIALIZED
                  08001500    00000028     sci.obj (.bss:g_sciTransfer_t)
                  08001528    00000008     (.common:command)

MODULE SUMMARY

       Module                  code    ro data   rw data
       ------                  ----    -------   -------
    ./source/
       sys_selftest.obj        11484   0         0      
       sys_vim.obj             2856    384       0      
       system.obj              2924    0         0      
       adc.obj                 2808    48        0      
       sci.obj                 1976    0         40     
       esm.obj                 1744    0         0      
       errata_SSWF021_45.obj   1636    0         0      
       pinmux.obj              1432    0         0      
       sys_core.obj            844     0         0      
       sys_startup.obj         688     0         0      
       sys_main.obj            240     0         8      
       dabort.obj              232     0         0      
       sys_pmu.obj             224     0         0      
       notification.obj        148     0         0      
       sys_intvecs.obj         32      0         0      
       sys_phantom.obj         4       0         0      
    +--+-----------------------+-------+---------+---------+
       Total:                  29272   432       48     
                                                        
    /home/abdelgawad/ti/ccs920/ccs/tools/compiler/ti-cgt-arm_18.12.3.LTS/lib/rtsv7R4_T_le_v3D16_eabi.lib
       s_floor.c.obj           224     0         0      
       memcpy_t2.asm.obj       156     0         0      
       memset_t2.asm.obj       122     0         0      
       ltoa.c.obj              84      0         0      
       autoinit.c.obj          68      0         0      
       copy_zero_init.c.obj    28      0         0      
       exit.c.obj              4       0         0      
    +--+-----------------------+-------+---------+---------+
       Total:                  686     0         0      
                                                        
       Linker Generated:       0       20        0      
    +--+-----------------------+-------+---------+---------+
       Grand Total:            29958   452       48     


LINKER GENERATED COPY TABLES

__TI_cinit_table @ 000076c4 records: 1, size/record: 8, table size: 8
	.bss: load addr=000076b8, load size=00000008 bytes, run addr=08001500, run size=00000030 bytes, compression=zero_init


LINKER GENERATED HANDLER TABLE

__TI_handler_table @ 000076c0 records: 1, size/record: 4, table size: 4
	index: 0, handler: __TI_zero_init


GLOBAL SYMBOLS: SORTED ALPHABETICALLY BY Name 

address   name                                
-------   ----                                
000074fd  C$$EXIT                             
UNDEFED   SHT$$INIT_ARRAY$$Base               
UNDEFED   SHT$$INIT_ARRAY$$Limit              
000076c4  __TI_CINIT_Base                     
000076cc  __TI_CINIT_Limit                    
000076c0  __TI_Handler_Table_Base             
000076c4  __TI_Handler_Table_Limit            
000068ac  __TI_PINIT_Base                     
000068b0  __TI_PINIT_Limit                    
0000749d  __TI_auto_init_nobinit_nopinit      
ffffffff  __TI_pprof_out_hndl                 
ffffffff  __TI_prof_data_size                 
ffffffff  __TI_prof_data_start                
00000000  __TI_static_base__                  
000074e1  __TI_zero_init_nomemset             
000073cd  __aeabi_memclr                      
000073cd  __aeabi_memclr4                     
000073cd  __aeabi_memclr8                     
0000729d  __aeabi_memcpy                      
0000729d  __aeabi_memcpy4                     
0000729d  __aeabi_memcpy8                     
000073cf  __aeabi_memset                      
000073cf  __aeabi_memset4                     
000073cf  __aeabi_memset8                     
ffffffff  __binit__                           
ffffffff  __c_args__                          
000068b4  _c_int00                            
000067c4  _coreClearAuxiliaryDataFault_       
000067d8  _coreClearAuxiliaryInstructionFault_
0000679c  _coreClearDataFaultAddress_         
00006774  _coreClearDataFault_                
000067b0  _coreClearInstructionFaultAddress_  
00006788  _coreClearInstructionFault_         
00006708  _coreDisableEventBusExport_         
0000674c  _coreDisableFlashEcc_               
00006728  _coreDisableRamEcc_                 
000066f8  _coreEnableEventBusExport_          
00006738  _coreEnableFlashEcc_                
0000675c  _coreEnableIrqVicOffset_            
00006718  _coreEnableRamEcc_                  
000066e0  _coreEnableVfp_                     
000067bc  _coreGetAuxiliaryDataFault_         
000067d0  _coreGetAuxiliaryInstructionFault_  
00006794  _coreGetDataFaultAddress_           
0000676c  _coreGetDataFault_                  
000067a8  _coreGetInstructionFaultAddress_    
00006780  _coreGetInstructionFault_           
00006568  _coreInitRegisters_                 
00006674  _coreInitStackPointer_              
00006ff4  _dabort                             
000067ec  _disable_FIQ_interrupt_             
000067f4  _disable_IRQ_interrupt_             
000067e4  _disable_interrupt_                 
000067fc  _enable_interrupt_                  
0000688c  _errata_CORTEXR4_57_                
0000689c  _errata_CORTEXR4_66_                
000053b0  _errata_SSWF021_45_both_plls        
000055a4  _errata_SSWF021_45_pll1             
0000571c  _errata_SSWF021_45_pll2             
00006804  _esmCcmErrorsClear_                 
000066c0  _getCPSRValue_                      
000066c8  _gotoCPUIdle_                       
00007218  _pmuDisableCountersGlobal_          
00007208  _pmuEnableCountersGlobal_           
00007274  _pmuGetCycleCount_                  
0000727c  _pmuGetEventCount_                  
00007288  _pmuGetOverflow_                    
000071bc  _pmuInit_                           
00007248  _pmuResetCounters_                  
00007228  _pmuResetCycleCounter_              
00007238  _pmuResetEventCounters_             
00007268  _pmuSetCountEvent_                  
00007258  _pmuStartCounters_                  
00007260  _pmuStopCounters_                   
UNDEFED   _system_post_cinit                  
000074fd  abort                               
000040ec  adc1GetConfigValue                  
0000126c  adc1ParityCheck                     
00001358  adc2ParityCheck                     
00003cc8  adcCalibration                      
0000408c  adcDisableNotification              
0000403c  adcEnableNotification               
00003aa0  adcGetData                          
000040d4  adcGetEVTPin                        
00003868  adcInit                             
00003c98  adcIsConversionComplete             
00003c68  adcIsFifoFull                       
00003ea0  adcMidPointCalibration              
00006f98  adcNotification                     
00003a78  adcResetFiFo                        
000040b4  adcSetEVTPin                        
000039cc  adcStartConversion                  
00003a50  adcStopConversion                   
ffffffff  binit                               
00001410  can1ParityCheck                     
000014e8  can2ParityCheck                     
000015b0  can3ParityCheck                     
00000030  ccmSelfCheck                        
000026fc  ccmr4GetConfigValue                 
00000938  checkB0RAMECC                       
00000b28  checkB1RAMECC                       
00001c18  checkClockMonitor                   
00000d18  checkFlashECC                       
00001cf4  checkFlashEEPROMECC                 
00001e8c  checkPLL1Slip                       
00001f8c  checkPLL2Slip                       
00002050  checkRAMAddrParity                  
000019d0  checkRAMECC                         
0000215c  checkRAMUERRTest                    
000007bc  checkefcSelfTest                    
08001528  command                             
00000234  cpuSelfTest                         
00000dfc  cpuSelfTestFail                     
00003790  customTrimLPO                       
00000df4  custom_dabort                       
00002b58  disableParity                       
000073b8  dmaGroupANotification               
00000eac  dmaParityCheck                      
00000660  efcCheck                            
00002660  efcGetConfigValue                   
00000794  efcSelfTest                         
000006e8  efcStuckZeroTest                    
00002ad0  enableParity                        
0000276c  errata_PBIST_4                      
00005b98  esmActivateNormalOperation          
00005c6c  esmClearStatus                      
00005cac  esmClearStatusBuffer                
00005b60  esmDisableError                     
00005bd0  esmDisableInterrupt                 
00005b38  esmEnableError                      
00005ba8  esmEnableInterrupt                  
00005da4  esmEnterSelfTest                    
00005b1c  esmError                            
00005e7c  esmGetConfigValue                   
00005ce8  esmGetStatus                        
00005d6c  esmGetStatusBuffer                  
00006fc0  esmGroup1Notification               
00006fd0  esmGroup2Notification               
00006df0  esmHighInterrupt                    
00005a14  esmInit                             
00005e2c  esmSelfTestStatus                   
00005cc8  esmSetCounterPreloadValue           
00005bf8  esmSetInterruptLevel                
00005b88  esmTriggerErrorPinReset             
000070dd  floor                               
000070dd  floorl                              
000022c4  fmcBus1ParityCheck                  
0000085c  fmcBus2Check                        
00000898  fmcECCcheck                         
00007504  handlePLLLockFail                   
00000f58  het1ParityCheck                     
000010c0  het2ParityCheck                     
00001004  htu1ParityCheck                     
000011bc  htu2ParityCheck                     
00007447  ltoa                                
00006f04  main                                
00002e6c  mapClocks                           
0000729d  memcpy                              
00000174  memoryInit                          
00007358  memoryPort0TestFailNotification     
00007374  memoryPort1TestFailNotification     
000073d5  memset                              
00001684  mibspi1ParityCheck                  
0000178c  mibspi3ParityCheck                  
000018b0  mibspi5ParityCheck                  
00005fd0  muxInit                             
000023ec  pbistFail                           
00002470  pbistGetConfigValue                 
000005a8  pbistIsTestCompleted                
000005d4  pbistIsTestPassed                   
00000608  pbistPortTestStatus                 
000004ac  pbistRun                            
000002cc  pbistSelfCheck                      
00000578  pbistStop                           
00002e18  periphInit                          
00007500  phantomInterrupt                    
000062c4  pinmuxGetConfigValue                
00000000  resetEntry                          
000050c0  sciDisableLoopback                  
0000514c  sciDisableNotification              
0000508c  sciEnableLoopback                   
000050e4  sciEnableNotification               
000051b4  sciEnterResetState                  
000051d4  sciExitResetState                   
00004bf8  sciInit                             
00004f3c  sciIsIdleDetected                   
00004f20  sciIsRxReady                        
00004da0  sciIsTxReady                        
00006fac  sciNotification                     
00004fb4  sciReceive                          
00004f88  sciReceiveByte                      
00004f58  sciRxError                          
00004dec  sciSend                             
00004dbc  sciSendByte                         
00004d04  sciSetBaudrate                      
00004ce4  sciSetFunctional                    
000051f4  scilinGetConfigValue                
00000020  selftestFailNotification            
00002dd8  setupFlash                          
00002cfc  setupPLL                            
00003654  sramGetConfigValue                  
000025bc  stcGetConfigValue                   
000001b8  stcSelfCheck                        
00000df8  stcSelfCheckFail                    
0000308c  systemGetConfigValue                
00002f90  systemInit                          
0000305c  systemPowerDown                     
000034a8  tcmflashGetConfigValue              
00002d5c  trimLPO                             
00004434  vimChannelMap                       
00004630  vimDisableInterrupt                 
000044d8  vimEnableInterrupt                  
000046b4  vimGetConfigValue                   
00004360  vimInit                             
00000e00  vimParityCheck                      
00006b60  vimParityErrorHandler               


GLOBAL SYMBOLS: SORTED BY Symbol Address 

address   name                                
-------   ----                                
00000000  __TI_static_base__                  
00000000  resetEntry                          
00000020  selftestFailNotification            
00000030  ccmSelfCheck                        
00000174  memoryInit                          
000001b8  stcSelfCheck                        
00000234  cpuSelfTest                         
000002cc  pbistSelfCheck                      
000004ac  pbistRun                            
00000578  pbistStop                           
000005a8  pbistIsTestCompleted                
000005d4  pbistIsTestPassed                   
00000608  pbistPortTestStatus                 
00000660  efcCheck                            
000006e8  efcStuckZeroTest                    
00000794  efcSelfTest                         
000007bc  checkefcSelfTest                    
0000085c  fmcBus2Check                        
00000898  fmcECCcheck                         
00000938  checkB0RAMECC                       
00000b28  checkB1RAMECC                       
00000d18  checkFlashECC                       
00000df4  custom_dabort                       
00000df8  stcSelfCheckFail                    
00000dfc  cpuSelfTestFail                     
00000e00  vimParityCheck                      
00000eac  dmaParityCheck                      
00000f58  het1ParityCheck                     
00001004  htu1ParityCheck                     
000010c0  het2ParityCheck                     
000011bc  htu2ParityCheck                     
0000126c  adc1ParityCheck                     
00001358  adc2ParityCheck                     
00001410  can1ParityCheck                     
000014e8  can2ParityCheck                     
000015b0  can3ParityCheck                     
00001684  mibspi1ParityCheck                  
0000178c  mibspi3ParityCheck                  
000018b0  mibspi5ParityCheck                  
000019d0  checkRAMECC                         
00001c18  checkClockMonitor                   
00001cf4  checkFlashEEPROMECC                 
00001e8c  checkPLL1Slip                       
00001f8c  checkPLL2Slip                       
00002050  checkRAMAddrParity                  
0000215c  checkRAMUERRTest                    
000022c4  fmcBus1ParityCheck                  
000023ec  pbistFail                           
00002470  pbistGetConfigValue                 
000025bc  stcGetConfigValue                   
00002660  efcGetConfigValue                   
000026fc  ccmr4GetConfigValue                 
0000276c  errata_PBIST_4                      
00002ad0  enableParity                        
00002b58  disableParity                       
00002cfc  setupPLL                            
00002d5c  trimLPO                             
00002dd8  setupFlash                          
00002e18  periphInit                          
00002e6c  mapClocks                           
00002f90  systemInit                          
0000305c  systemPowerDown                     
0000308c  systemGetConfigValue                
000034a8  tcmflashGetConfigValue              
00003654  sramGetConfigValue                  
00003790  customTrimLPO                       
00003868  adcInit                             
000039cc  adcStartConversion                  
00003a50  adcStopConversion                   
00003a78  adcResetFiFo                        
00003aa0  adcGetData                          
00003c68  adcIsFifoFull                       
00003c98  adcIsConversionComplete             
00003cc8  adcCalibration                      
00003ea0  adcMidPointCalibration              
0000403c  adcEnableNotification               
0000408c  adcDisableNotification              
000040b4  adcSetEVTPin                        
000040d4  adcGetEVTPin                        
000040ec  adc1GetConfigValue                  
00004360  vimInit                             
00004434  vimChannelMap                       
000044d8  vimEnableInterrupt                  
00004630  vimDisableInterrupt                 
000046b4  vimGetConfigValue                   
00004bf8  sciInit                             
00004ce4  sciSetFunctional                    
00004d04  sciSetBaudrate                      
00004da0  sciIsTxReady                        
00004dbc  sciSendByte                         
00004dec  sciSend                             
00004f20  sciIsRxReady                        
00004f3c  sciIsIdleDetected                   
00004f58  sciRxError                          
00004f88  sciReceiveByte                      
00004fb4  sciReceive                          
0000508c  sciEnableLoopback                   
000050c0  sciDisableLoopback                  
000050e4  sciEnableNotification               
0000514c  sciDisableNotification              
000051b4  sciEnterResetState                  
000051d4  sciExitResetState                   
000051f4  scilinGetConfigValue                
000053b0  _errata_SSWF021_45_both_plls        
000055a4  _errata_SSWF021_45_pll1             
0000571c  _errata_SSWF021_45_pll2             
00005a14  esmInit                             
00005b1c  esmError                            
00005b38  esmEnableError                      
00005b60  esmDisableError                     
00005b88  esmTriggerErrorPinReset             
00005b98  esmActivateNormalOperation          
00005ba8  esmEnableInterrupt                  
00005bd0  esmDisableInterrupt                 
00005bf8  esmSetInterruptLevel                
00005c6c  esmClearStatus                      
00005cac  esmClearStatusBuffer                
00005cc8  esmSetCounterPreloadValue           
00005ce8  esmGetStatus                        
00005d6c  esmGetStatusBuffer                  
00005da4  esmEnterSelfTest                    
00005e2c  esmSelfTestStatus                   
00005e7c  esmGetConfigValue                   
00005fd0  muxInit                             
000062c4  pinmuxGetConfigValue                
00006568  _coreInitRegisters_                 
00006674  _coreInitStackPointer_              
000066c0  _getCPSRValue_                      
000066c8  _gotoCPUIdle_                       
000066e0  _coreEnableVfp_                     
000066f8  _coreEnableEventBusExport_          
00006708  _coreDisableEventBusExport_         
00006718  _coreEnableRamEcc_                  
00006728  _coreDisableRamEcc_                 
00006738  _coreEnableFlashEcc_                
0000674c  _coreDisableFlashEcc_               
0000675c  _coreEnableIrqVicOffset_            
0000676c  _coreGetDataFault_                  
00006774  _coreClearDataFault_                
00006780  _coreGetInstructionFault_           
00006788  _coreClearInstructionFault_         
00006794  _coreGetDataFaultAddress_           
0000679c  _coreClearDataFaultAddress_         
000067a8  _coreGetInstructionFaultAddress_    
000067b0  _coreClearInstructionFaultAddress_  
000067bc  _coreGetAuxiliaryDataFault_         
000067c4  _coreClearAuxiliaryDataFault_       
000067d0  _coreGetAuxiliaryInstructionFault_  
000067d8  _coreClearAuxiliaryInstructionFault_
000067e4  _disable_interrupt_                 
000067ec  _disable_FIQ_interrupt_             
000067f4  _disable_IRQ_interrupt_             
000067fc  _enable_interrupt_                  
00006804  _esmCcmErrorsClear_                 
0000688c  _errata_CORTEXR4_57_                
0000689c  _errata_CORTEXR4_66_                
000068ac  __TI_PINIT_Base                     
000068b0  __TI_PINIT_Limit                    
000068b4  _c_int00                            
00006b60  vimParityErrorHandler               
00006df0  esmHighInterrupt                    
00006f04  main                                
00006f98  adcNotification                     
00006fac  sciNotification                     
00006fc0  esmGroup1Notification               
00006fd0  esmGroup2Notification               
00006ff4  _dabort                             
000070dd  floor                               
000070dd  floorl                              
000071bc  _pmuInit_                           
00007208  _pmuEnableCountersGlobal_           
00007218  _pmuDisableCountersGlobal_          
00007228  _pmuResetCycleCounter_              
00007238  _pmuResetEventCounters_             
00007248  _pmuResetCounters_                  
00007258  _pmuStartCounters_                  
00007260  _pmuStopCounters_                   
00007268  _pmuSetCountEvent_                  
00007274  _pmuGetCycleCount_                  
0000727c  _pmuGetEventCount_                  
00007288  _pmuGetOverflow_                    
0000729d  __aeabi_memcpy                      
0000729d  __aeabi_memcpy4                     
0000729d  __aeabi_memcpy8                     
0000729d  memcpy                              
00007358  memoryPort0TestFailNotification     
00007374  memoryPort1TestFailNotification     
000073b8  dmaGroupANotification               
000073cd  __aeabi_memclr                      
000073cd  __aeabi_memclr4                     
000073cd  __aeabi_memclr8                     
000073cf  __aeabi_memset                      
000073cf  __aeabi_memset4                     
000073cf  __aeabi_memset8                     
000073d5  memset                              
00007447  ltoa                                
0000749d  __TI_auto_init_nobinit_nopinit      
000074e1  __TI_zero_init_nomemset             
000074fd  C$$EXIT                             
000074fd  abort                               
00007500  phantomInterrupt                    
00007504  handlePLLLockFail                   
000076c0  __TI_Handler_Table_Base             
000076c4  __TI_CINIT_Base                     
000076c4  __TI_Handler_Table_Limit            
000076cc  __TI_CINIT_Limit                    
08001528  command                             
ffffffff  __TI_pprof_out_hndl                 
ffffffff  __TI_prof_data_size                 
ffffffff  __TI_prof_data_start                
ffffffff  __binit__                           
ffffffff  __c_args__                          
ffffffff  binit                               
UNDEFED   SHT$$INIT_ARRAY$$Base               
UNDEFED   SHT$$INIT_ARRAY$$Limit              
UNDEFED   _system_post_cinit                  

[216 symbols]
